[marinasuvorova.com/index.html]
[backblue.gif]
[fade.gif]
[index.html]
[marinasuvorova.com/tilda-blocks-page25740264.mina1c2.css]
[marinasuvorova.com/tilda-blocks-page25740264.mina1c2.js]
[marinasuvorova.com/main]
[marinasuvorova.com/about.html]
[marinasuvorova.com/portfolio.html]
[marinasuvorova.com/how.html]
[marinasuvorova.com/nft.html]
[marinasuvorova.com/contacts.html]
[marinasuvorova.com/en.html]
[marinasuvorova.com/pp.html]
[marinasuvorova.com/index.html]
[marinasuvorova.com/tilda-blocks-page25740264.mina1c2.css]
[marinasuvorova.com/main.html]
[marinasuvorova.com/tilda-blocks-page25190243.mina1c2.css]
[marinasuvorova.com/tilda-blocks-page25190243.mina1c2.js]
[marinasuvorova.com/about.html]
[marinasuvorova.com/tilda-blocks-page25206612.mina1c2.css]
[marinasuvorova.com/tilda-blocks-page25206612.mina1c2.js]
[marinasuvorova.com/portfolio.html]
[marinasuvorova.com/tilda-blocks-page25206049.mina1c2.css]
[marinasuvorova.com/tilda-blocks-page25206049.mina1c2.js]
[marinasuvorova.com/how.html]
[marinasuvorova.com/tilda-blocks-page26416978.mina1c2.css]
[marinasuvorova.com/tilda-blocks-page26416978.mina1c2.js]
[marinasuvorova.com/nft.html]
[marinasuvorova.com/tilda-blocks-page25192941.mina1c2.css]
[marinasuvorova.com/tilda-blocks-page25192941.mina1c2.js]
[marinasuvorova.com/contacts.html]
[marinasuvorova.com/tilda-blocks-page25230658.mina1c2.css]
[marinasuvorova.com/tilda-blocks-page25230658.mina1c2.js]
[marinasuvorova.com/ru.html]
[marinasuvorova.com/RU-2.html]
[marinasuvorova.com/privacy.html]
[marinasuvorova.com/GET]
[marinasuvorova.com/en.html]
[marinasuvorova.com/tilda-blocks-page25215453.mina1c2.css]
[marinasuvorova.com/tilda-blocks-page25215453.mina1c2.js]
[marinasuvorova.com/pp.html]
[marinasuvorova.com/tilda-blocks-page25190243.mina1c2.css]
[marinasuvorova.com/tilda-blocks-page25206612.mina1c2.css]
[marinasuvorova.com/tilda-blocks-page25206049.mina1c2.css]
[marinasuvorova.com/tilda-blocks-page26416978.mina1c2.css]
[marinasuvorova.com/tilda-blocks-page25192941.mina1c2.css]
[marinasuvorova.com/tilda-blocks-page25230658.mina1c2.css]
[marinasuvorova.com/tilda-blocks-page19389169.mina1c2.css]
[marinasuvorova.com/tilda-blocks-page19389169.mina1c2.js]
[marinasuvorova.com/ru/privacy.html]
[marinasuvorova.com/ru.html]
[marinasuvorova.com/RU-2.html]
[marinasuvorova.com/tilda-blocks-page19371243.mina1c2.css]
[marinasuvorova.com/tilda-blocks-page19371243.mina1c2.js]
[marinasuvorova.com/policy]
[marinasuvorova.com/privacy.html]
[marinasuvorova.com/GET.html]
[marinasuvorova.com/tilda-blocks-page25215453.mina1c2.css]
[marinasuvorova.com/tilda-blocks-page19389169.mina1c2.css]
[marinasuvorova.com/tilda-blocks-page19392379.mina1c2.css]
[marinasuvorova.com/tilda-blocks-page19392379.mina1c2.js]
[marinasuvorova.com/ru/privacy.html]
[marinasuvorova.com/tilda-blocks-page19371243.mina1c2.css]
[marinasuvorova.com/policy.html]
[marinasuvorova.com/tilda-blocks-page19392379.mina1c2.css]
